Archive member included because of file (symbol)

c:/winavr-20080610/bin/../lib/gcc/avr/4.3.0/avr51\libgcc.a(_udivmodqi4.o)
                              battery.o (__udivmodqi4)
c:/winavr-20080610/bin/../lib/gcc/avr/4.3.0/avr51\libgcc.a(_divmodhi4.o)
                              main.o (__divmodhi4)
c:/winavr-20080610/bin/../lib/gcc/avr/4.3.0/avr51\libgcc.a(_exit.o)
                              c:/winavr-20080610/bin/../lib/gcc/avr/4.3.0/../../../../avr/lib/avr51/crtm128.o (exit)
c:/winavr-20080610/bin/../lib/gcc/avr/4.3.0/avr51\libgcc.a(_clear_bss.o)
                              main.o (__do_clear_bss)
c:/winavr-20080610/bin/../lib/gcc/avr/4.3.0/avr51\libgcc.a(_fixunssfsi.o)
                              adc.o (__fixunssfsi)
c:/winavr-20080610/bin/../lib/gcc/avr/4.3.0/avr51\libgcc.a(_addsub_sf.o)
                              adc.o (__subsf3)
c:/winavr-20080610/bin/../lib/gcc/avr/4.3.0/avr51\libgcc.a(_div_sf.o)
                              adc.o (__divsf3)
c:/winavr-20080610/bin/../lib/gcc/avr/4.3.0/avr51\libgcc.a(_gt_sf.o)
                              adc.o (__gtsf2)
c:/winavr-20080610/bin/../lib/gcc/avr/4.3.0/avr51\libgcc.a(_ge_sf.o)
                              c:/winavr-20080610/bin/../lib/gcc/avr/4.3.0/avr51\libgcc.a(_fixunssfsi.o) (__gesf2)
c:/winavr-20080610/bin/../lib/gcc/avr/4.3.0/avr51\libgcc.a(_lt_sf.o)
                              adc.o (__ltsf2)
c:/winavr-20080610/bin/../lib/gcc/avr/4.3.0/avr51\libgcc.a(_si_to_sf.o)
                              adc.o (__floatsisf)
c:/winavr-20080610/bin/../lib/gcc/avr/4.3.0/avr51\libgcc.a(_sf_to_si.o)
                              c:/winavr-20080610/bin/../lib/gcc/avr/4.3.0/avr51\libgcc.a(_fixunssfsi.o) (__fixsfsi)
c:/winavr-20080610/bin/../lib/gcc/avr/4.3.0/avr51\libgcc.a(_thenan_sf.o)
                              c:/winavr-20080610/bin/../lib/gcc/avr/4.3.0/avr51\libgcc.a(_addsub_sf.o) (__thenan_sf)
c:/winavr-20080610/bin/../lib/gcc/avr/4.3.0/avr51\libgcc.a(_udivmodhi4.o)
                              c:/winavr-20080610/bin/../lib/gcc/avr/4.3.0/avr51\libgcc.a(_divmodhi4.o) (__udivmodhi4)
c:/winavr-20080610/bin/../lib/gcc/avr/4.3.0/avr51\libgcc.a(_prologue.o)
                              c:/winavr-20080610/bin/../lib/gcc/avr/4.3.0/avr51\libgcc.a(_addsub_sf.o) (__prologue_saves__)
c:/winavr-20080610/bin/../lib/gcc/avr/4.3.0/avr51\libgcc.a(_epilogue.o)
                              c:/winavr-20080610/bin/../lib/gcc/avr/4.3.0/avr51\libgcc.a(_addsub_sf.o) (__epilogue_restores__)
c:/winavr-20080610/bin/../lib/gcc/avr/4.3.0/avr51\libgcc.a(_clzsi2.o)
                              c:/winavr-20080610/bin/../lib/gcc/avr/4.3.0/avr51\libgcc.a(_si_to_sf.o) (__clzsi2)
c:/winavr-20080610/bin/../lib/gcc/avr/4.3.0/avr51\libgcc.a(_pack_sf.o)
                              c:/winavr-20080610/bin/../lib/gcc/avr/4.3.0/avr51\libgcc.a(_addsub_sf.o) (__pack_f)
c:/winavr-20080610/bin/../lib/gcc/avr/4.3.0/avr51\libgcc.a(_unpack_sf.o)
                              c:/winavr-20080610/bin/../lib/gcc/avr/4.3.0/avr51\libgcc.a(_addsub_sf.o) (__unpack_f)
c:/winavr-20080610/bin/../lib/gcc/avr/4.3.0/avr51\libgcc.a(_fpcmp_parts_sf.o)
                              c:/winavr-20080610/bin/../lib/gcc/avr/4.3.0/avr51\libgcc.a(_gt_sf.o) (__fpcmp_parts_f)
c:/winavr-20080610/bin/../lib/gcc/avr/4.3.0/avr51\libgcc.a(_clz.o)
                              c:/winavr-20080610/bin/../lib/gcc/avr/4.3.0/avr51\libgcc.a(_clzsi2.o) (__clz_tab)

Allocating common symbols
Common symbol       size              file

F_PS_PLUGGED        0x1               battery.o
gMIN                0x1               battery.o
gIRAddr             0x1               ir.o
x_value             0x2               accelerometer.o
F_CHARGING          0x1               battery.o
y_value             0x2               accelerometer.o
gticks              0x2               battery.o
IRBit               0x1               ir.o
gAccX               0x2               accelerometer.o
gHOUR               0x1               battery.o
gVOLTAGE            0x2               adc.o
gRx1_DStep          0x2               main.o
gAccY               0x2               accelerometer.o
g10Mtimer           0x2               battery.o
sData               0x10              adc.o
gPSD_val            0x1               adc.o
gAccZ               0x2               accelerometer.o
z_value             0x2               accelerometer.o
gPSplugCount        0x2               battery.o
pulse_width         0x1               ir.o
gRx1Step            0x2               main.o
gAD_val             0x1               adc.o
gBtn_val            0x1               main.o
g10MSEC             0x2               battery.o
gCMD                0x1               main.o
gSEC                0x1               battery.o
gAD_Ch_Index        0x1               adc.o
gIRReady            0x1               ir.o
gMIC_val            0x1               adc.o
gSoundLevel         0x1               adc.o
gSEC_DCOUNT         0x2               battery.o
IRByte              0x1               ir.o
sDcnt               0x2               adc.o
IRState             0x1               ir.o
gPwrLowCount        0x2               battery.o
gIRData             0x1               ir.o
gMIN_DCOUNT         0x2               battery.o
gFileCheckSum       0x1               main.o
gPSunplugCount      0x2               battery.o
gBtnCnt             0x2               main.o
IRTemp              0x4               ir.o
gRxData             0x1               main.o
gDistance           0x1               adc.o

Memory Configuration

Name             Origin             Length             Attributes
text             0x00000000         0x00020000         xr
data             0x00800060         0x0000ffa0         rw !x
eeprom           0x00810000         0x00010000         rw !x
fuse             0x00820000         0x00000400         rw !x
lock             0x00830000         0x00000400         rw !x
signature        0x00840000         0x00000400         rw !x
*default*        0x00000000         0xffffffff

Linker script and memory map

Address of section .data set to 0x800100
LOAD c:/winavr-20080610/bin/../lib/gcc/avr/4.3.0/../../../../avr/lib/avr51/crtm128.o
LOAD main.o
LOAD accelerometer.o
LOAD adc.o
LOAD battery.o
LOAD ir.o
LOAD c:/winavr-20080610/bin/../lib/gcc/avr/4.3.0/avr51\libgcc.a
LOAD c:/winavr-20080610/bin/../lib/gcc/avr/4.3.0/../../../../avr/lib/avr51\libc.a
LOAD c:/winavr-20080610/bin/../lib/gcc/avr/4.3.0/avr51\libgcc.a

.hash
 *(.hash)

.dynsym
 *(.dynsym)

.dynstr
 *(.dynstr)

.gnu.version
 *(.gnu.version)

.gnu.version_d
 *(.gnu.version_d)

.gnu.version_r
 *(.gnu.version_r)

.rel.init
 *(.rel.init)

.rela.init
 *(.rela.init)

.rel.text
 *(.rel.text)
 *(.rel.text.*)
 *(.rel.gnu.linkonce.t*)

.rela.text
 *(.rela.text)
 *(.rela.text.*)
 *(.rela.gnu.linkonce.t*)

.rel.fini
 *(.rel.fini)

.rela.fini
 *(.rela.fini)

.rel.rodata
 *(.rel.rodata)
 *(.rel.rodata.*)
 *(.rel.gnu.linkonce.r*)

.rela.rodata
 *(.rela.rodata)
 *(.rela.rodata.*)
 *(.rela.gnu.linkonce.r*)

.rel.data
 *(.rel.data)
 *(.rel.data.*)
 *(.rel.gnu.linkonce.d*)

.rela.data
 *(.rela.data)
 *(.rela.data.*)
 *(.rela.gnu.linkonce.d*)

.rel.ctors
 *(.rel.ctors)

.rela.ctors
 *(.rela.ctors)

.rel.dtors
 *(.rel.dtors)

.rela.dtors
 *(.rela.dtors)

.rel.got
 *(.rel.got)

.rela.got
 *(.rela.got)

.rel.bss
 *(.rel.bss)

.rela.bss
 *(.rela.bss)

.rel.plt
 *(.rel.plt)

.rela.plt
 *(.rela.plt)

.text           0x00000000     0x20de
 *(.vectors)
 .vectors       0x00000000       0x8c c:/winavr-20080610/bin/../lib/gcc/avr/4.3.0/../../../../avr/lib/avr51/crtm128.o
                0x00000000                __vectors
                0x00000000                __vector_default
 *(.vectors)
 *(.progmem.gcc*)
 *(.progmem*)
                0x0000008c                . = ALIGN (0x2)
                0x0000008c                __trampolines_start = .
 *(.trampolines)
 .trampolines   0x0000008c        0x0 linker stubs
 *(.trampolines*)
                0x0000008c                __trampolines_end = .
 *(.jumptables)
 *(.jumptables*)
 *(.lowtext)
 *(.lowtext*)
                0x0000008c                __ctors_start = .
 *(.ctors)
                0x0000008c                __ctors_end = .
                0x0000008c                __dtors_start = .
 *(.dtors)
                0x0000008c                __dtors_end = .
 SORT(*)(.ctors)
 SORT(*)(.dtors)
 *(.init0)
 .init0         0x0000008c        0x0 c:/winavr-20080610/bin/../lib/gcc/avr/4.3.0/../../../../avr/lib/avr51/crtm128.o
                0x0000008c                __init
 *(.init0)
 *(.init1)
 *(.init1)
 *(.init2)
 .init2         0x0000008c        0xc c:/winavr-20080610/bin/../lib/gcc/avr/4.3.0/../../../../avr/lib/avr51/crtm128.o
 *(.init2)
 *(.init3)
 *(.init3)
 *(.init4)
 .init4         0x00000098       0x1a c:/winavr-20080610/bin/../lib/gcc/avr/4.3.0/../../../../avr/lib/avr51/crtm128.o
                0x00000098                __do_copy_data
 .init4         0x000000b2       0x10 c:/winavr-20080610/bin/../lib/gcc/avr/4.3.0/avr51\libgcc.a(_clear_bss.o)
                0x000000b2                __do_clear_bss
 *(.init4)
 *(.init5)
 *(.init5)
 *(.init6)
 *(.init6)
 *(.init7)
 *(.init7)
 *(.init8)
 *(.init8)
 *(.init9)
 .init9         0x000000c2        0x8 c:/winavr-20080610/bin/../lib/gcc/avr/4.3.0/../../../../avr/lib/avr51/crtm128.o
 *(.init9)
 *(.text)
 .text          0x000000ca        0x4 c:/winavr-20080610/bin/../lib/gcc/avr/4.3.0/../../../../avr/lib/avr51/crtm128.o
                0x000000ca                __vector_22
                0x000000ca                __vector_28
                0x000000ca                __vector_1
                0x000000ca                __vector_32
                0x000000ca                __vector_34
                0x000000ca                __vector_24
                0x000000ca                __vector_12
                0x000000ca                __bad_interrupt
                0x000000ca                __vector_6
                0x000000ca                __vector_31
                0x000000ca                __vector_3
                0x000000ca                __vector_23
                0x000000ca                __vector_25
                0x000000ca                __vector_11
                0x000000ca                __vector_13
                0x000000ca                __vector_17
                0x000000ca                __vector_19
                0x000000ca                __vector_27
                0x000000ca                __vector_5
                0x000000ca                __vector_33
                0x000000ca                __vector_4
                0x000000ca                __vector_9
                0x000000ca                __vector_2
                0x000000ca                __vector_15
                0x000000ca                __vector_29
                0x000000ca                __vector_8
                0x000000ca                __vector_26
                0x000000ca                __vector_14
                0x000000ca                __vector_20
 .text          0x000000ce      0x622 main.o
                0x00000262                printnumber
                0x00000122                HW_init
                0x00000216                printstr
                0x0000033a                sound_init
                0x000000ee                putWck
                0x000004aa                __vector_30
                0x000000de                putch
                0x000003c4                ProcButton
                0x0000038a                ReadButton
                0x0000022e                printline
                0x00000456                main
                0x000000ce                putByte
                0x000001fa                SW_init
                0x0000032e                printint
                0x00000348                SendToSoundIC
                0x000000f6                __vector_18
 .text          0x000006f0      0x37e accelerometer.o
                0x0000077a                ack
                0x0000070a                stop_accel
                0x0000089a                tilt_setup
                0x000007ba                done_read
                0x000008dc                AccStop
                0x0000079a                next_byte
                0x00000922                AccByteRead
                0x000007d4                cbyte
                0x0000098c                AccNotAckWrite
                0x00000722                read_value
                0x0000074c                write_value
                0x000008c2                AccStart
                0x000007e4                tilt_read
                0x0000094c                AccAckRead
                0x000006f0                start_accel
                0x000008f4                AccByteWrite
                0x000009ce                AccGetData
                0x0000096c                AccAckWrite
                0x000009a6                Acc_init
 .text          0x00000a6e      0x300 adc.o
                0x00000bd8                PSD_off
                0x00000d56                Get_VOLTAGE
                0x00000ab4                sample_sound
                0x00000bdc                Get_AD_PSD
                0x00000bc2                PSD_on
                0x00000bb6                ADC_set
                0x00000a6e                lights
                0x00000af0                __vector_21
                0x00000cc8                Get_AD_MIC
 .text          0x00000d6e      0x5ea battery.o
                0x00000dc2                DetectPower
                0x00000d6e                heart
                0x00000f4e                ChargeNiMH
                0x00001278                test
                0x00000e5c                SelfTest1
                0x00000dac                delay_ms
                0x000010fe                __vector_16
                0x00001256                BreakModeCmdSend
 .text          0x00001358      0x140 ir.o
                0x0000147a                irGetByte
                0x0000137a                __vector_7
                0x00001358                __vector_10
 .text          0x00001498        0x0 c:/winavr-20080610/bin/../lib/gcc/avr/4.3.0/avr51\libgcc.a(_udivmodqi4.o)
 .text          0x00001498        0x0 c:/winavr-20080610/bin/../lib/gcc/avr/4.3.0/avr51\libgcc.a(_divmodhi4.o)
 .text          0x00001498        0x0 c:/winavr-20080610/bin/../lib/gcc/avr/4.3.0/avr51\libgcc.a(_exit.o)
 .text          0x00001498        0x0 c:/winavr-20080610/bin/../lib/gcc/avr/4.3.0/avr51\libgcc.a(_clear_bss.o)
 .text          0x00001498       0x58 c:/winavr-20080610/bin/../lib/gcc/avr/4.3.0/avr51\libgcc.a(_fixunssfsi.o)
                0x00001498                __fixunssfsi
 .text          0x000014f0      0x354 c:/winavr-20080610/bin/../lib/gcc/avr/4.3.0/avr51\libgcc.a(_addsub_sf.o)
                0x00001788                __subsf3
                0x000017ea                __addsf3
 .text          0x00001844      0x154 c:/winavr-20080610/bin/../lib/gcc/avr/4.3.0/avr51\libgcc.a(_div_sf.o)
                0x00001844                __divsf3
 .text          0x00001998       0x60 c:/winavr-20080610/bin/../lib/gcc/avr/4.3.0/avr51\libgcc.a(_gt_sf.o)
                0x00001998                __gtsf2
 .text          0x000019f8       0x60 c:/winavr-20080610/bin/../lib/gcc/avr/4.3.0/avr51\libgcc.a(_ge_sf.o)
                0x000019f8                __gesf2
 .text          0x00001a58       0x60 c:/winavr-20080610/bin/../lib/gcc/avr/4.3.0/avr51\libgcc.a(_lt_sf.o)
                0x00001a58                __ltsf2
 .text          0x00001ab8       0xbc c:/winavr-20080610/bin/../lib/gcc/avr/4.3.0/avr51\libgcc.a(_si_to_sf.o)
                0x00001ab8                __floatsisf
 .text          0x00001b74       0xa8 c:/winavr-20080610/bin/../lib/gcc/avr/4.3.0/avr51\libgcc.a(_sf_to_si.o)
                0x00001b74                __fixsfsi
 .text          0x00001c1c        0x0 c:/winavr-20080610/bin/../lib/gcc/avr/4.3.0/avr51\libgcc.a(_thenan_sf.o)
 .text          0x00001c1c        0x0 c:/winavr-20080610/bin/../lib/gcc/avr/4.3.0/avr51\libgcc.a(_udivmodhi4.o)
 .text          0x00001c1c        0x0 c:/winavr-20080610/bin/../lib/gcc/avr/4.3.0/avr51\libgcc.a(_prologue.o)
 .text          0x00001c1c        0x0 c:/winavr-20080610/bin/../lib/gcc/avr/4.3.0/avr51\libgcc.a(_epilogue.o)
 .text          0x00001c1c       0x9e c:/winavr-20080610/bin/../lib/gcc/avr/4.3.0/avr51\libgcc.a(_clzsi2.o)
                0x00001c1c                __clzsi2
 .text          0x00001cba      0x1aa c:/winavr-20080610/bin/../lib/gcc/avr/4.3.0/avr51\libgcc.a(_pack_sf.o)
                0x00001cba                __pack_f
 .text          0x00001e64       0xf0 c:/winavr-20080610/bin/../lib/gcc/avr/4.3.0/avr51\libgcc.a(_unpack_sf.o)
                0x00001e64                __unpack_f
 .text          0x00001f54       0xb2 c:/winavr-20080610/bin/../lib/gcc/avr/4.3.0/avr51\libgcc.a(_fpcmp_parts_sf.o)
                0x00001f54                __fpcmp_parts_f
 .text          0x00002006        0x0 c:/winavr-20080610/bin/../lib/gcc/avr/4.3.0/avr51\libgcc.a(_clz.o)
                0x00002006                . = ALIGN (0x2)
 *(.text.*)
 .text.libgcc   0x00002006       0x18 c:/winavr-20080610/bin/../lib/gcc/avr/4.3.0/avr51\libgcc.a(_udivmodqi4.o)
                0x00002006                __udivmodqi4
 .text.libgcc   0x0000201e       0x26 c:/winavr-20080610/bin/../lib/gcc/avr/4.3.0/avr51\libgcc.a(_divmodhi4.o)
                0x0000201e                __divmodhi4
                0x0000201e                _div
 .text.libgcc   0x00002044        0x0 c:/winavr-20080610/bin/../lib/gcc/avr/4.3.0/avr51\libgcc.a(_exit.o)
 .text.libgcc   0x00002044        0x0 c:/winavr-20080610/bin/../lib/gcc/avr/4.3.0/avr51\libgcc.a(_clear_bss.o)
 .text.libgcc   0x00002044       0x28 c:/winavr-20080610/bin/../lib/gcc/avr/4.3.0/avr51\libgcc.a(_udivmodhi4.o)
                0x00002044                __udivmodhi4
 .text.libgcc   0x0000206c       0x38 c:/winavr-20080610/bin/../lib/gcc/avr/4.3.0/avr51\libgcc.a(_prologue.o)
                0x0000206c                __prologue_saves__
 .text.libgcc   0x000020a4       0x36 c:/winavr-20080610/bin/../lib/gcc/avr/4.3.0/avr51\libgcc.a(_epilogue.o)
                0x000020a4                __epilogue_restores__
                0x000020da                . = ALIGN (0x2)
 *(.fini9)
 .fini9         0x000020da        0x0 c:/winavr-20080610/bin/../lib/gcc/avr/4.3.0/avr51\libgcc.a(_exit.o)
                0x000020da                exit
                0x000020da                _exit
 *(.fini9)
 *(.fini8)
 *(.fini8)
 *(.fini7)
 *(.fini7)
 *(.fini6)
 *(.fini6)
 *(.fini5)
 *(.fini5)
 *(.fini4)
 *(.fini4)
 *(.fini3)
 *(.fini3)
 *(.fini2)
 *(.fini2)
 *(.fini1)
 *(.fini1)
 *(.fini0)
 .fini0         0x000020da        0x4 c:/winavr-20080610/bin/../lib/gcc/avr/4.3.0/avr51\libgcc.a(_exit.o)
 *(.fini0)
                0x000020de                _etext = .

.data           0x00800100      0x184 load address 0x000020de
                0x00800100                PROVIDE (__data_start, .)
 *(.data)
 .data          0x00800100        0x0 c:/winavr-20080610/bin/../lib/gcc/avr/4.3.0/../../../../avr/lib/avr51/crtm128.o
 .data          0x00800100       0x48 main.o
 .data          0x00800148        0x0 accelerometer.o
 .data          0x00800148        0x0 adc.o
 .data          0x00800148       0x34 battery.o
 .data          0x0080017c        0x0 ir.o
 .data          0x0080017c        0x0 c:/winavr-20080610/bin/../lib/gcc/avr/4.3.0/avr51\libgcc.a(_udivmodqi4.o)
 .data          0x0080017c        0x0 c:/winavr-20080610/bin/../lib/gcc/avr/4.3.0/avr51\libgcc.a(_divmodhi4.o)
 .data          0x0080017c        0x0 c:/winavr-20080610/bin/../lib/gcc/avr/4.3.0/avr51\libgcc.a(_exit.o)
 .data          0x0080017c        0x0 c:/winavr-20080610/bin/../lib/gcc/avr/4.3.0/avr51\libgcc.a(_clear_bss.o)
 .data          0x0080017c        0x0 c:/winavr-20080610/bin/../lib/gcc/avr/4.3.0/avr51\libgcc.a(_fixunssfsi.o)
 .data          0x0080017c        0x0 c:/winavr-20080610/bin/../lib/gcc/avr/4.3.0/avr51\libgcc.a(_addsub_sf.o)
 .data          0x0080017c        0x0 c:/winavr-20080610/bin/../lib/gcc/avr/4.3.0/avr51\libgcc.a(_div_sf.o)
 .data          0x0080017c        0x0 c:/winavr-20080610/bin/../lib/gcc/avr/4.3.0/avr51\libgcc.a(_gt_sf.o)
 .data          0x0080017c        0x0 c:/winavr-20080610/bin/../lib/gcc/avr/4.3.0/avr51\libgcc.a(_ge_sf.o)
 .data          0x0080017c        0x0 c:/winavr-20080610/bin/../lib/gcc/avr/4.3.0/avr51\libgcc.a(_lt_sf.o)
 .data          0x0080017c        0x0 c:/winavr-20080610/bin/../lib/gcc/avr/4.3.0/avr51\libgcc.a(_si_to_sf.o)
 .data          0x0080017c        0x0 c:/winavr-20080610/bin/../lib/gcc/avr/4.3.0/avr51\libgcc.a(_sf_to_si.o)
 .data          0x0080017c        0x8 c:/winavr-20080610/bin/../lib/gcc/avr/4.3.0/avr51\libgcc.a(_thenan_sf.o)
                0x0080017c                __thenan_sf
 .data          0x00800184        0x0 c:/winavr-20080610/bin/../lib/gcc/avr/4.3.0/avr51\libgcc.a(_udivmodhi4.o)
 .data          0x00800184        0x0 c:/winavr-20080610/bin/../lib/gcc/avr/4.3.0/avr51\libgcc.a(_prologue.o)
 .data          0x00800184        0x0 c:/winavr-20080610/bin/../lib/gcc/avr/4.3.0/avr51\libgcc.a(_epilogue.o)
 .data          0x00800184        0x0 c:/winavr-20080610/bin/../lib/gcc/avr/4.3.0/avr51\libgcc.a(_clzsi2.o)
 .data          0x00800184        0x0 c:/winavr-20080610/bin/../lib/gcc/avr/4.3.0/avr51\libgcc.a(_pack_sf.o)
 .data          0x00800184        0x0 c:/winavr-20080610/bin/../lib/gcc/avr/4.3.0/avr51\libgcc.a(_unpack_sf.o)
 .data          0x00800184        0x0 c:/winavr-20080610/bin/../lib/gcc/avr/4.3.0/avr51\libgcc.a(_fpcmp_parts_sf.o)
 .data          0x00800184      0x100 c:/winavr-20080610/bin/../lib/gcc/avr/4.3.0/avr51\libgcc.a(_clz.o)
                0x00800184                __clz_tab
 *(.data*)
 *(.rodata)
 *(.rodata*)
 *(.gnu.linkonce.d*)
                0x00800284                . = ALIGN (0x2)
                0x00800284                _edata = .
                0x00800284                PROVIDE (__data_end, .)

.bss            0x00800284       0x52 load address 0x00002262
                0x00800284                PROVIDE (__bss_start, .)
 *(.bss)
 .bss           0x00800284        0x0 c:/winavr-20080610/bin/../lib/gcc/avr/4.3.0/../../../../avr/lib/avr51/crtm128.o
 .bss           0x00800284        0x0 main.o
 .bss           0x00800284        0x0 accelerometer.o
 .bss           0x00800284        0x2 adc.o
                0x00800285                MIC_SAMPLING
                0x00800284                F_AD_CONVERTING
 .bss           0x00800286        0x0 battery.o
 .bss           0x00800286        0x0 ir.o
 .bss           0x00800286        0x0 c:/winavr-20080610/bin/../lib/gcc/avr/4.3.0/avr51\libgcc.a(_udivmodqi4.o)
 .bss           0x00800286        0x0 c:/winavr-20080610/bin/../lib/gcc/avr/4.3.0/avr51\libgcc.a(_divmodhi4.o)
 .bss           0x00800286        0x0 c:/winavr-20080610/bin/../lib/gcc/avr/4.3.0/avr51\libgcc.a(_exit.o)
 .bss           0x00800286        0x0 c:/winavr-20080610/bin/../lib/gcc/avr/4.3.0/avr51\libgcc.a(_clear_bss.o)
 .bss           0x00800286        0x0 c:/winavr-20080610/bin/../lib/gcc/avr/4.3.0/avr51\libgcc.a(_fixunssfsi.o)
 .bss           0x00800286        0x0 c:/winavr-20080610/bin/../lib/gcc/avr/4.3.0/avr51\libgcc.a(_addsub_sf.o)
 .bss           0x00800286        0x0 c:/winavr-20080610/bin/../lib/gcc/avr/4.3.0/avr51\libgcc.a(_div_sf.o)
 .bss           0x00800286        0x0 c:/winavr-20080610/bin/../lib/gcc/avr/4.3.0/avr51\libgcc.a(_gt_sf.o)
 .bss           0x00800286        0x0 c:/winavr-20080610/bin/../lib/gcc/avr/4.3.0/avr51\libgcc.a(_ge_sf.o)
 .bss           0x00800286        0x0 c:/winavr-20080610/bin/../lib/gcc/avr/4.3.0/avr51\libgcc.a(_lt_sf.o)
 .bss           0x00800286        0x0 c:/winavr-20080610/bin/../lib/gcc/avr/4.3.0/avr51\libgcc.a(_si_to_sf.o)
 .bss           0x00800286        0x0 c:/winavr-20080610/bin/../lib/gcc/avr/4.3.0/avr51\libgcc.a(_sf_to_si.o)
 .bss           0x00800286        0x0 c:/winavr-20080610/bin/../lib/gcc/avr/4.3.0/avr51\libgcc.a(_thenan_sf.o)
 .bss           0x00800286        0x0 c:/winavr-20080610/bin/../lib/gcc/avr/4.3.0/avr51\libgcc.a(_udivmodhi4.o)
 .bss           0x00800286        0x0 c:/winavr-20080610/bin/../lib/gcc/avr/4.3.0/avr51\libgcc.a(_prologue.o)
 .bss           0x00800286        0x0 c:/winavr-20080610/bin/../lib/gcc/avr/4.3.0/avr51\libgcc.a(_epilogue.o)
 .bss           0x00800286        0x0 c:/winavr-20080610/bin/../lib/gcc/avr/4.3.0/avr51\libgcc.a(_clzsi2.o)
 .bss           0x00800286        0x0 c:/winavr-20080610/bin/../lib/gcc/avr/4.3.0/avr51\libgcc.a(_pack_sf.o)
 .bss           0x00800286        0x0 c:/winavr-20080610/bin/../lib/gcc/avr/4.3.0/avr51\libgcc.a(_unpack_sf.o)
 .bss           0x00800286        0x0 c:/winavr-20080610/bin/../lib/gcc/avr/4.3.0/avr51\libgcc.a(_fpcmp_parts_sf.o)
 .bss           0x00800286        0x0 c:/winavr-20080610/bin/../lib/gcc/avr/4.3.0/avr51\libgcc.a(_clz.o)
 *(.bss*)
 *(COMMON)
 COMMON         0x00800286        0xa main.o
                0x00800286                gRx1_DStep
                0x00800288                gRx1Step
                0x0080028a                gBtn_val
                0x0080028b                gCMD
                0x0080028c                gFileCheckSum
                0x0080028d                gBtnCnt
                0x0080028f                gRxData
 COMMON         0x00800290        0xc accelerometer.o
                0x00800290                x_value
                0x00800292                y_value
                0x00800294                gAccX
                0x00800296                gAccY
                0x00800298                gAccZ
                0x0080029a                z_value
 COMMON         0x0080029c       0x1a adc.o
                0x0080029c                gVOLTAGE
                0x0080029e                sData
                0x008002ae                gPSD_val
                0x008002af                gAD_val
                0x008002b0                gAD_Ch_Index
                0x008002b1                gMIC_val
                0x008002b2                gSoundLevel
                0x008002b3                sDcnt
                0x008002b5                gDistance
 COMMON         0x008002b6       0x15 battery.o
                0x008002b6                F_PS_PLUGGED
                0x008002b7                gMIN
                0x008002b8                F_CHARGING
                0x008002b9                gticks
                0x008002bb                gHOUR
                0x008002bc                g10Mtimer
                0x008002be                gPSplugCount
                0x008002c0                g10MSEC
                0x008002c2                gSEC
                0x008002c3                gSEC_DCOUNT
                0x008002c5                gPwrLowCount
                0x008002c7                gMIN_DCOUNT
                0x008002c9                gPSunplugCount
 COMMON         0x008002cb        0xb ir.o
                0x008002cb                gIRAddr
                0x008002cc                IRBit
                0x008002cd                pulse_width
                0x008002ce                gIRReady
                0x008002cf                IRByte
                0x008002d0                IRState
                0x008002d1                gIRData
                0x008002d2                IRTemp
                0x008002d6                PROVIDE (__bss_end, .)
                0x000020de                __data_load_start = LOADADDR (.data)
                0x00002262                __data_load_end = (__data_load_start + SIZEOF (.data))

.noinit         0x008002d6        0x0
                0x008002d6                PROVIDE (__noinit_start, .)
 *(.noinit*)
                0x008002d6                PROVIDE (__noinit_end, .)
                0x008002d6                _end = .
                0x008002d6                PROVIDE (__heap_start, .)

.eeprom         0x00810000        0x0
 *(.eeprom*)
                0x00810000                __eeprom_end = .

.fuse
 *(.fuse)
 *(.lfuse)
 *(.hfuse)
 *(.efuse)

.lock
 *(.lock*)

.signature
 *(.signature*)

.stab
 *(.stab)

.stabstr
 *(.stabstr)

.stab.excl
 *(.stab.excl)

.stab.exclstr
 *(.stab.exclstr)

.stab.index
 *(.stab.index)

.stab.indexstr
 *(.stab.indexstr)

.comment
 *(.comment)

.debug
 *(.debug)

.line
 *(.line)

.debug_srcinfo
 *(.debug_srcinfo)

.debug_sfnames
 *(.debug_sfnames)

.debug_aranges  0x00000000       0xa0
 *(.debug_aranges)
 .debug_aranges
                0x00000000       0x20 main.o
 .debug_aranges
                0x00000020       0x20 accelerometer.o
 .debug_aranges
                0x00000040       0x20 adc.o
 .debug_aranges
                0x00000060       0x20 battery.o
 .debug_aranges
                0x00000080       0x20 ir.o

.debug_pubnames
                0x00000000      0x5b0
 *(.debug_pubnames)
 .debug_pubnames
                0x00000000      0x147 main.o
 .debug_pubnames
                0x00000147      0x165 accelerometer.o
 .debug_pubnames
                0x000002ac      0x12a adc.o
 .debug_pubnames
                0x000003d6      0x13a battery.o
 .debug_pubnames
                0x00000510       0xa0 ir.o

.debug_info     0x00000000     0x136b
 *(.debug_info)
 .debug_info    0x00000000      0x67e main.o
 .debug_info    0x0000067e      0x3ce accelerometer.o
 .debug_info    0x00000a4c      0x41a adc.o
 .debug_info    0x00000e66      0x387 battery.o
 .debug_info    0x000011ed      0x17e ir.o
 *(.gnu.linkonce.wi.*)

.debug_abbrev   0x00000000      0x7dd
 *(.debug_abbrev)
 .debug_abbrev  0x00000000      0x267 main.o
 .debug_abbrev  0x00000267      0x1f1 accelerometer.o
 .debug_abbrev  0x00000458      0x191 adc.o
 .debug_abbrev  0x000005e9      0x131 battery.o
 .debug_abbrev  0x0000071a       0xc3 ir.o

.debug_line     0x00000000     0x1d30
 *(.debug_line)
 .debug_line    0x00000000      0x8a2 main.o
 .debug_line    0x000008a2      0xa1a accelerometer.o
 .debug_line    0x000012bc      0x38c adc.o
 .debug_line    0x00001648      0x55e battery.o
 .debug_line    0x00001ba6      0x18a ir.o

.debug_frame    0x00000000      0x3c0
 *(.debug_frame)
 .debug_frame   0x00000000      0x110 main.o
 .debug_frame   0x00000110      0x140 accelerometer.o
 .debug_frame   0x00000250       0xa0 adc.o
 .debug_frame   0x000002f0       0x90 battery.o
 .debug_frame   0x00000380       0x40 ir.o

.debug_str      0x00000000      0x541
 *(.debug_str)
 .debug_str     0x00000000      0x1df main.o
                                0x221 (size before relaxing)
 .debug_str     0x000001df      0x129 accelerometer.o
                                0x1db (size before relaxing)
 .debug_str     0x00000308      0x103 adc.o
                                0x207 (size before relaxing)
 .debug_str     0x0000040b       0xca battery.o
                                0x1f5 (size before relaxing)
 .debug_str     0x000004d5       0x6c ir.o
                                0x14b (size before relaxing)

.debug_loc      0x00000000      0x41c
 *(.debug_loc)
 .debug_loc     0x00000000      0x247 main.o
 .debug_loc     0x00000247       0xe9 accelerometer.o
 .debug_loc     0x00000330       0xd4 adc.o
 .debug_loc     0x00000404       0x18 battery.o

.debug_macinfo
 *(.debug_macinfo)
OUTPUT(DCMP.elf elf32-avr)
LOAD linker stubs

.debug_ranges   0x00000000       0x60
 .debug_ranges  0x00000000       0x18 main.o
 .debug_ranges  0x00000018       0x48 battery.o
